 ########################################################################
# (C) Copyright IBM Corp. 2004
#
# This program is distributed in the hope that it will be useful,
# but WITHOUT ANY WARRANTY; without even the implied warranty of
# MERCHANTABILITY or FITNESS FOR A PARTICULAR PURPOSE.  This
# file and program are licensed under a BSD style license.  See
# the Copying file included with the OpenHPI distribution for
# full licensing terms.
#
# Author(s):
#      Steve Sherman <stevees@us.ibm.com>
#########################################################################

#########################################################################
# This file serves as input to eventmap2xml.pl to produce:
# 
# snmp_bc_errorlog.h - maps hardware error log restrictions to #defines
# eventxxx.xml - maps hardware events into an XML format, containing
#      	  	 the information needed to map the hardware event strings
#                to HPI events. xxx is platform specific
#
# Another HPI script reads the XML file and generates a c file which
# instantiates the data into an array.
#
# An internal script, str2map.pl, is used to help generate this file.
# Couple of things need to be done manually though:
#
# - Strip out obsolete codes (they are in the code but not used).
# - Add FF to beginning of event numbers for duplicate events
#   (e.g. EN_PFA_HI_FAULT_2_5V)
# - Remove switch install and removed events with "multiple I/0 Error ..." 
#   Hardware code doesn't actually append this string for these particular
#   events, although the logic in bc_str2map.pl thinks it does.
# - Change warning thresholds to SAHPI_MAJOR severity.
#
# NOTES:
# - OVR_RID only good if there is an unique message number per resource
#   Else can't determine the proper RID - same event number shows up
#   in the event array of multiple RIDs. Need to use Error Log's Source
#   field in these cases, which implies no OVR_RID.
###########################################################################

#########
# Defines
#########

HPI_DEF|LOG_LOGIN_STRING|"Login ID:"
HPI_DEF|LOG_LOGIN_CHAR|"'"
HPI_DEF|LOG_READ_VALUE_STRING|" Read value "
HPI_DEF|LOG_THRESHOLD_VALUE_STRING|" Threshold value "
HPI_DEF|ER_STR_POST_LOG_CLEARED|"System log cleared."
HPI_DEF|EVT_EN_LOG_FULL|"System error log full"
HPI_DEF|EVT_RECOVERY|"Recovery "

##################
# Chassis Resource
##################
# None

#################
# Chassis Sensors
#################

# Test event - used to unit test code
EN_TEST_EVENT|0xFFFFFFFF|ALL|SAHPI_CRITICAL|NO_OVR|"Bogus Test Event."

# Ambient air thermal sensor on Control Panel/Media Tray
EN_CUTOFF_HI_OVER_TEMP_AMBIENT|0x0001C480|ALL|SAHPI_CRITICAL|OVR_SEV|"System shutoff due to high ambient temperature."
EN_PFA_HI_OVER_TEMP_AMBIENT|0x0001D500|ALL|SAHPI_MAJOR|OVR_SEV|"System over recommended ambient temperature."

# Thermal sensor on Management Module
EN_CUTOFF_HI_OVER_TEMP_SP_CARD|0x0001C500|ALL|SAHPI_CRITICAL|OVR_SEV|"Shutoff due to high Management Module temperature."
EN_PFA_HI_OVER_TEMP_SP_CARD|0x0001D400|ALL|SAHPI_MAJOR|OVR_SEV|"Management Module is over recommended temperature."

# 1.8V voltage sensor on Management Module
# NOTE: BCT algorithm has 1.8v PFA events as critical; rest of PFAs are major severity; Force to major
EN_CUTOFF_HI_FAULT_1_8V|0x0807A480|ALL|SAHPI_CRITICAL|OVR_SEV|"System shutoff due to 1.8V CPU over voltage"
EN_CUTOFF_LO_FAULT_1_8V|0x0807A880|ALL|SAHPI_CRITICAL|OVR_SEV|"System shutoff due to 1.8V CPU under voltage"
EN_PFA_HI_FAULT_1_8V|0x0807B400|ALL|SAHPI_MAJOR|OVR_SEV|"System is over recommended voltage for 1.8V CPU"
EN_PFA_LO_FAULT_1_8V|0x0807B800|ALL|SAHPI_MAJOR|OVR_SEV|"System is under recommended voltage for 1.8V CPU"

# 2.5V voltage sensor on Management Module
EN_CUTOFF_HI_FAULT_2_5V|0x08030480|ALL|SAHPI_CRITICAL|OVR_SEV|"System shutoff due to +2.5v over voltage."
EN_CUTOFF_LO_FAULT_2_5V|0x08030880|ALL|SAHPI_CRITICAL|OVR_SEV|"System shutoff due to +2.5v under voltage."
EN_PFA_HI_FAULT_2_5V|0xFF031480|ALL|SAHPI_MAJOR|OVR_SEV|"System over recommended voltage on +2.5v."
EN_PFA_LO_FAULT_2_5V|0xFF031880|ALL|SAHPI_MAJOR|OVR_SEV|"System under recommended voltage on +2.5v."

# 3.3V voltage sensor on Management Module
EN_CUTOFF_HI_FAULT_3_35V|0x08032480|ALL|SAHPI_CRITICAL|OVR_SEV|"System shutoff due to +3.3v over voltage."
EN_CUTOFF_LO_FAULT_3_35V|0x08032880|ALL|SAHPI_CRITICAL|OVR_SEV|"System shutoff due to +3.3v under voltage."
EN_PFA_HI_FAULT_3_35V|0xFF033480|ALL|SAHPI_MAJOR|OVR_SEV|"System over recommended voltage on +3.3v."
EN_PFA_LO_FAULT_3_35V|0xFF033880|ALL|SAHPI_MAJOR|OVR_SEV|"System under recommended voltage on +3.3v."

# 5V voltage sensor on Management Module
EN_CUTOFF_HI_FAULT_PLANAR_5V|0x06034480|ALL|SAHPI_CRITICAL|OVR_SEV|"System shutoff due to +5v over voltage."
EN_CUTOFF_LO_FAULT_PLANAR_5V|0x06034800|ALL|SAHPI_CRITICAL|OVR_SEV|"System shutoff due to +5v under voltage."
EN_PFA_HI_FAULT_PLANAR_5V|0x06035500|ALL|SAHPI_MAJOR|OVR_SEV|"System over recommended voltage for +5v."
EN_PFA_LO_FAULT_PLANAR_5V|0x06035800|ALL|SAHPI_MAJOR|OVR_SEV|"System under recommended voltage for +5v."

# -5V voltage sensor on Management Module
EN_CUTOFF_HI_FAULT_N5V|0x0803C480|ALL|SAHPI_CRITICAL|OVR_SEV|"System shutoff due to -5v over voltage."
EN_CUTOFF_LO_FAULT_N5V|0x0803C800|ALL|SAHPI_CRITICAL|OVR_SEV|"System shutoff due to -5v under voltage."
EN_PFA_HI_FAULT_N5V|0x0803D500|ALL|SAHPI_MAJOR|OVR_SEV|"System over recommended voltage for -5v."
EN_PFA_LO_FAULT_N5V|0x0803D800|ALL|SAHPI_MAJOR|OVR_SEV|"System under recommended voltage for -5v."

# 12V voltage sensor on Management Module
EN_CUTOFF_HI_FAULT_12V_PLANAR|0x06036480|ALL|SAHPI_CRITICAL|OVR_SEV|"System shutoff due to +12v over voltage."
EN_CUTOFF_LO_FAULT_12V_PLANAR|0x06036800|ALL|SAHPI_CRITICAL|OVR_SEV|"System shutoff due to +12v under voltage."
EN_PFA_HI_FAULT_12V_PLANAR|0xFF037500|ALL|SAHPI_MAJOR|OVR_SEV|"System over recommended voltage for +12v."
EN_PFA_LO_FAULT_12V_PLANAR|0xFF037800|ALL|SAHPI_MAJOR|OVR_SEV|"System under recommended voltage for +12v."

# MM redundancy sensor - No real physical sensor; event-only sensor
EN_MM_NON_REDUNDANT|0x00284000|ALL|SAHPI_MINOR|OVR_SEV|"Chassis Running Nonredundant Management Modules"

# Switch redundancy sensor - No real physical sensor; event-only sensor
EN_SWITCH_NON_REDUNDANT|0x0EA16000|ALL|SAHPI_MINOR|OVR_SEV|"Chassis Running Nonredundant I/O Modules"

# Power redundancy sensor - No real physical sensor; event-only sensor
EN_NR_PWR_SUPPLY|0x08080001|ALL|SAHPI_MINOR|OVR_SEV|"Insufficient chassis power to support redundancy"

################
# Blade Resource
################

EN_BLADE_1_INSTALLED|0x0E002001|ALL|SAHPI_INFORMATIONAL|OVR_SEV|"Blade Server 1 was installed."
EN_BLADE_2_INSTALLED|0x0E002002|ALL|SAHPI_INFORMATIONAL|OVR_SEV|"Blade Server 2 was installed."
EN_BLADE_3_INSTALLED|0x0E002003|ALL|SAHPI_INFORMATIONAL|OVR_SEV|"Blade Server 3 was installed."
EN_BLADE_4_INSTALLED|0x0E002004|ALL|SAHPI_INFORMATIONAL|OVR_SEV|"Blade Server 4 was installed."
EN_BLADE_5_INSTALLED|0x0E002005|ALL|SAHPI_INFORMATIONAL|OVR_SEV|"Blade Server 5 was installed."
EN_BLADE_6_INSTALLED|0x0E002006|ALL|SAHPI_INFORMATIONAL|OVR_SEV|"Blade Server 6 was installed."
EN_BLADE_7_INSTALLED|0x0E002007|ALL|SAHPI_INFORMATIONAL|OVR_SEV|"Blade Server 7 was installed."
EN_BLADE_8_INSTALLED|0x0E002008|ALL|SAHPI_INFORMATIONAL|OVR_SEV|"Blade Server 8 was installed."
EN_BLADE_9_INSTALLED|0x0E002009|ALL|SAHPI_INFORMATIONAL|OVR_SEV|"Blade Server 9 was installed."
EN_BLADE_A_INSTALLED|0x0E00200A|ALL|SAHPI_INFORMATIONAL|OVR_SEV|"Blade Server 10 was installed."
EN_BLADE_B_INSTALLED|0x0E00200B|ALL|SAHPI_INFORMATIONAL|OVR_SEV|"Blade Server 11 was installed."
EN_BLADE_C_INSTALLED|0x0E00200C|ALL|SAHPI_INFORMATIONAL|OVR_SEV|"Blade Server 12 was installed."
EN_BLADE_D_INSTALLED|0x0E00200D|ALL|SAHPI_INFORMATIONAL|OVR_SEV|"Blade Server 13 was installed."
EN_BLADE_E_INSTALLED|0x0E00200E|ALL|SAHPI_INFORMATIONAL|OVR_SEV|"Blade Server 14 was installed."

EN_BLADE_1_REMOVED|0x0E004001|ALL|SAHPI_INFORMATIONAL|OVR_SEV|"Blade Server 1 was removed."
EN_BLADE_2_REMOVED|0x0E004002|ALL|SAHPI_INFORMATIONAL|OVR_SEV|"Blade Server 2 was removed."
EN_BLADE_3_REMOVED|0x0E004003|ALL|SAHPI_INFORMATIONAL|OVR_SEV|"Blade Server 3 was removed."
EN_BLADE_4_REMOVED|0x0E004004|ALL|SAHPI_INFORMATIONAL|OVR_SEV|"Blade Server 4 was removed."
EN_BLADE_5_REMOVED|0x0E004005|ALL|SAHPI_INFORMATIONAL|OVR_SEV|"Blade Server 5 was removed."
EN_BLADE_6_REMOVED|0x0E004006|ALL|SAHPI_INFORMATIONAL|OVR_SEV|"Blade Server 6 was removed."
EN_BLADE_7_REMOVED|0x0E004007|ALL|SAHPI_INFORMATIONAL|OVR_SEV|"Blade Server 7 was removed."
EN_BLADE_8_REMOVED|0x0E004008|ALL|SAHPI_INFORMATIONAL|OVR_SEV|"Blade Server 8 was removed."
EN_BLADE_9_REMOVED|0x0E004009|ALL|SAHPI_INFORMATIONAL|OVR_SEV|"Blade Server 9 was removed."
EN_BLADE_A_REMOVED|0x0E00400A|ALL|SAHPI_INFORMATIONAL|OVR_SEV|"Blade Server 10 was removed."
EN_BLADE_B_REMOVED|0x0E00400B|ALL|SAHPI_INFORMATIONAL|OVR_SEV|"Blade Server 11 was removed."
EN_BLADE_C_REMOVED|0x0E00400C|ALL|SAHPI_INFORMATIONAL|OVR_SEV|"Blade Server 12 was removed."
EN_BLADE_D_REMOVED|0x0E00400D|ALL|SAHPI_INFORMATIONAL|OVR_SEV|"Blade Server 13 was removed."
EN_BLADE_E_REMOVED|0x0E00400E|ALL|SAHPI_INFORMATIONAL|OVR_SEV|"Blade Server 14 was removed."

EN_BLADE_PWR_DWN|0x1C000001|ALL|SAHPI_INFORMATIONAL|OVR_SEV|"Blade Server Powered Down"
EN_BLADE_PWR_UP|0x1C000002|ALL|SAHPI_INFORMATIONAL|OVR_SEV|"Blade Server Powered Up"
EN_BLADE_PWR_DN_FAN_FAIL|0x06026080|ALL|SAHPI_INFORMATIONAL|OVR_SEV|"Critical Blower Failure, Blade Server Powering Down"
EN_BLADE_PWR_DN_PM_TEMP|0x0821C080|ALL|SAHPI_INFORMATIONAL|OVR_SEV|"Power Modules are over temperature, Blade Server Powering Down"

###############
# Blade Sensors
###############

# CPU 1 thermal sensor
EN_CUTOFF_HI_OVER_TEMP_CPU1|0x0421C481|ALL|SAHPI_CRITICAL|OVR_SEV|"System shutoff due to CPU 1 over temperature."
EN_PFA_HI_OVER_TEMP_CPU1|0x0421D501|ALL|SAHPI_MAJOR|OVR_SEV|"System over temperature for CPU 1."
EN_PROC_HOT_CPU1|0x0421C401|ALL|SAHPI_CRITICAL|OVR_SEV|"CPU 1 shut off due to over temperature"
EN_THERM_TRIP_CPU1|0x0421D081|ALL|SAHPI_CRITICAL|OVR_SEV|"CPU 1 Over Temperature"

# CPU 2 thermal sensor
EN_CUTOFF_HI_OVER_TEMP_CPU2|0x0421C482|ALL|SAHPI_CRITICAL|OVR_SEV|"System shutoff due to CPU 2 over temperature."
EN_PFA_HI_OVER_TEMP_CPU2|0x0421D502|ALL|SAHPI_MAJOR|OVR_SEV|"System over temperature for CPU 2."
EN_PROC_HOT_CPU2|0x0421C402|ALL|SAHPI_CRITICAL|OVR_SEV|"CPU 2 shut off due to over temperature"
EN_THERM_TRIP_CPU2|0x0421D082|ALL|SAHPI_CRITICAL|OVR_SEV|"CPU 2 Over Temperature"

# CPU 3 thermal sensor
EN_CUTOFF_HI_OVER_TEMP_CPU3|0x0421C483|ALL|SAHPI_CRITICAL|OVR_SEV|"System shutoff due to CPU 3 over temperature."
EN_PFA_HI_OVER_TEMP_CPU3|0x0421D503|ALL|SAHPI_MAJOR|OVR_SEV|"System over temperature for CPU 3."
EN_PROC_HOT_CPU3|0x0421C403|ALL|SAHPI_CRITICAL|OVR_SEV|"CPU 3 shut off due to over temperature"
EN_THERM_TRIP_CPU3|0x0421D083|ALL|SAHPI_CRITICAL|OVR_SEV|"CPU 3 Over Temperature"

# CPU 4 thermal sensor
EN_CUTOFF_HI_OVER_TEMP_CPU4|0x0421C484|ALL|SAHPI_CRITICAL|OVR_SEV|"System shutoff due to CPU 4 over temperature."
EN_PFA_HI_OVER_TEMP_CPU4|0x0421D504|ALL|SAHPI_MAJOR|OVR_SEV|"System over temperature for CPU 4."
EN_PROC_HOT_CPU4|0x0421C404|ALL|SAHPI_CRITICAL|OVR_SEV|"CPU 4 shut off due to over temperature"
EN_THERM_TRIP_CPU4|0x0421D084|ALL|SAHPI_CRITICAL|OVR_SEV|"CPU 4 Over Temperature"

# ???  - Blade's 1.2V voltage sensor - NO MIB yet
#EN_PFA_HI_FAULT_1_2V|0x08001401|ALL|SAHPI_MAJOR|OVR_SEV|"System over recommended voltage on +1.2v."
#EN_PFA_LO_FAULT_1_2V|0x08001801|ALL|SAHPI_MAJOR|OVR_SEV|"System under recommended voltage on +1.2v."

# Blade's 1.25V voltage sensor
EN_PFA_HI_FAULT_1_25V|0x08001400|ALL|SAHPI_MAJOR|OVR_SEV|"System over recommended voltage on +1.25v."
EN_PFA_LO_FAULT_1_25V|0x08001800|ALL|SAHPI_MAJOR|OVR_SEV|"System under recommended voltage on +1.25v."

# Blade's 1.5V voltage sensor
EN_IO_1_5V_WARNING_HI|0x0A041C00|ALL|SAHPI_CRITICAL|OVR_SEV|"IO Board +1.5V over recommended voltage."
EN_IO_1_5V_WARNING_LOW|0x0A040C00|ALL|SAHPI_CRITICAL|OVR_SEV|"IO Board +1.5V under recommended voltage."
EN_PFA_HI_FAULT_1_5V|0x08041400|ALL|SAHPI_MAJOR|OVR_SEV|"System over recommended voltage on +1.5v."
EN_PFA_LO_FAULT_1_5V|0x08041800|ALL|SAHPI_MAJOR|OVR_SEV|"System under recommended voltage on +1.5v."

# ???  - Blade's 1.8V voltage sensor - NO MIB yet
#EN_IO_1_8V_WARNING_HI|0x0A07BC00|ALL|SAHPI_CRITICAL|OVR_SEV|"IO Board +1.8V over recommended voltage."
#EN_IO_1_8V_WARNING_LOW|0x0A07AC00|ALL|SAHPI_CRITICAL|OVR_SEV|"IO Board +1.8V under recommended voltage."
#EN_PFA_HI_FAULT_1_8V|0x0807B400|ALL|SAHPI_CRITICAL|OVR_SEV|"System is over recommended voltage for 1.8V CPU"
#EN_PFA_LO_FAULT_1_8V|0x0807B800|ALL|SAHPI_CRITICAL|OVR_SEV|"System is under recommended voltage for 1.8V CPU"

# Blade's 2.5V voltage sensor
EN_IO_2_5V_WARNING_HI|0x0A031C00|ALL|SAHPI_CRITICAL|OVR_SEV|"IO Board +2.5V over recommended voltage."
EN_IO_2_5V_WARNING_LOW|0x0A030C00|ALL|SAHPI_CRITICAL|OVR_SEV|"IO Board 2.5V under recommended voltage."
EN_PFA_HI_FAULT_2_5V|0x08031480|ALL|SAHPI_MAJOR|OVR_SEV|"System over recommended voltage on +2.5v."
EN_PFA_LO_FAULT_2_5V|0x08031880|ALL|SAHPI_MAJOR|OVR_SEV|"System under recommended voltage on +2.5v."

# ???  - Blade's 2.5V voltage standby sensor - NO MIB yet
#EN_IO_2_5VS_WARNING_HI|0x0A031C01|ALL|SAHPI_CRITICAL|OVR_SEV|"IO Board +2.5V Standby over recommended voltage."
#EN_IO_2_5VS_WARNING_LOW|0x0A030C01|ALL|SAHPI_CRITICAL|OVR_SEV|"IO Board +2.5V Standby under recommended voltage."

# Blade's 3.3V voltage sensor
EN_IO_3_3V_WARNING_HI|0x0A02DC00|ALL|SAHPI_CRITICAL|OVR_SEV|"IO Board +3.3V over recommended voltage."
EN_IO_3_3V_WARNING_LOW|0x0A02CC00|ALL|SAHPI_CRITICAL|OVR_SEV|"IO Board +3.3V under recommended voltage."
EN_PFA_HI_FAULT_3_35V|0x08033480|ALL|SAHPI_MAJOR|OVR_SEV|"System over recommended voltage on +3.3v."
EN_PFA_LO_FAULT_3_35V|0x08033880|ALL|SAHPI_MAJOR|OVR_SEV|"System under recommended voltage on +3.3v."

# ???  - Blade's 3.3V voltage standby sensor - NO MIB yet
#EN_IO_3_3VS_WARNING_HI|0x0A02DC01|ALL|SAHPI_CRITICAL|OVR_SEV|"IO Board +3.3V Standby over recommended voltage."
#EN_IO_3_3VS_WARNING_LOW|0x0A02CC01|ALL|SAHPI_CRITICAL|OVR_SEV|"IO Board +3.3V Standby under recommended voltage."

# Blade's 5V voltage sensor
EN_IO_5V_WARNING_HI|0x0A035C00|ALL|SAHPI_CRITICAL|OVR_SEV|"IO Board +5V over recommended voltage."
EN_IO_5V_WARNING_LOW|0x0A034C00|ALL|SAHPI_CRITICAL|OVR_SEV|"IO Board +5V under recommended voltage."
EN_PFA_HI_FAULT_5V|0x08035500|ALL|SAHPI_MAJOR|OVR_SEV|"System over recommended 5V Fault."
EN_PFA_LO_FAULT_5V|0x08035800|ALL|SAHPI_MAJOR|OVR_SEV|"System under recommended 5V Fault."

# ???  - Blade's -5V voltage sensor NO MIB yet
#EN_IO_N5V_WARNING_HI|0x0A03DC00|ALL|SAHPI_CRITICAL|OVR_SEV|"IO Board -5V over recommended voltage."
#EN_IO_N5V_WARNING_LOW|0x0A03CC00|ALL|SAHPI_CRITICAL|OVR_SEV|"IO Board -5V under recommended voltage."

# Blade's 12V voltage sensor
EN_IO_12V_WARNING_HI|0x0A037C00|ALL|SAHPI_CRITICAL|OVR_SEV|"IO Board +12V over recommended voltage."
EN_IO_12V_WARNING_LOW|0x0A036C00|ALL|SAHPI_CRITICAL|OVR_SEV|"IO Board +12V under recommended voltage."
EN_PFA_HI_FAULT_12V_PLANAR|0x06037500|ALL|SAHPI_MAJOR|OVR_SEV|"System over recommended voltage for +12v."
EN_PFA_LO_FAULT_12V_PLANAR|0x06037800|ALL|SAHPI_MAJOR|OVR_SEV|"System under recommended voltage for +12v."

# ???  - Blade's 12V voltage standby sensor - NO MIB yet
#EN_IO_12VS_WARNING_HI|0x0A037C01|ALL|SAHPI_CRITICAL|OVR_SEV|"IO Board +12V Standby over recommended voltage."
#EN_IO_12VS_WARNING_LOW|0x0A036C01|ALL|SAHPI_CRITICAL|OVR_SEV|"IO Board +12V Standby under recommended voltage."

# Blade's VRM 1 voltage sensor
EN_CUTOFF_HI_FAULT_VRM1|0x04400481|ALL|SAHPI_CRITICAL|OVR_SEV|"System shutoff due to VRM 1 over voltage."

# Map to generic blade operational sensor
EN_BLADE_1_COMM_FAIL|0x0E008001|ALL|SAHPI_CRITICAL|OVR_SEV|"SP Communications Failure on Blade 1."
EN_BLADE_2_COMM_FAIL|0x0E008002|ALL|SAHPI_CRITICAL|OVR_SEV|"SP Communications Failure on Blade 2."
EN_BLADE_3_COMM_FAIL|0x0E008003|ALL|SAHPI_CRITICAL|OVR_SEV|"SP Communications Failure on Blade 3."
EN_BLADE_4_COMM_FAIL|0x0E008004|ALL|SAHPI_CRITICAL|OVR_SEV|"SP Communications Failure on Blade 4."
EN_BLADE_5_COMM_FAIL|0x0E008005|ALL|SAHPI_CRITICAL|OVR_SEV|"SP Communications Failure on Blade 5."
EN_BLADE_6_COMM_FAIL|0x0E008006|ALL|SAHPI_CRITICAL|OVR_SEV|"SP Communications Failure on Blade 6."
EN_BLADE_7_COMM_FAIL|0x0E008007|ALL|SAHPI_CRITICAL|OVR_SEV|"SP Communications Failure on Blade 7."
EN_BLADE_8_COMM_FAIL|0x0E008008|ALL|SAHPI_CRITICAL|OVR_SEV|"SP Communications Failure on Blade 8."
EN_BLADE_9_COMM_FAIL|0x0E008009|ALL|SAHPI_CRITICAL|OVR_SEV|"SP Communications Failure on Blade 9."
EN_BLADE_A_COMM_FAIL|0x0E00800A|ALL|SAHPI_CRITICAL|OVR_SEV|"SP Communications Failure on Blade 10."
EN_BLADE_B_COMM_FAIL|0x0E00800B|ALL|SAHPI_CRITICAL|OVR_SEV|"SP Communications Failure on Blade 11."
EN_BLADE_C_COMM_FAIL|0x0E00800C|ALL|SAHPI_CRITICAL|OVR_SEV|"SP Communications Failure on Blade 12."
EN_BLADE_D_COMM_FAIL|0x0E00800D|ALL|SAHPI_CRITICAL|OVR_SEV|"SP Communications Failure on Blade 13."
EN_BLADE_E_COMM_FAIL|0x0E00800E|ALL|SAHPI_CRITICAL|OVR_SEV|"SP Communications Failure on Blade 14."

EN_BLADE_1_CFG_FAIL|0x0E006001|ALL|SAHPI_CRITICAL|OVR_SEV|"Blade Server 1 is incompatible with I/O module configuration."
EN_BLADE_2_CFG_FAIL|0x0E006002|ALL|SAHPI_CRITICAL|OVR_SEV|"Blade Server 2 is incompatible with I/O module configuration."
EN_BLADE_3_CFG_FAIL|0x0E006003|ALL|SAHPI_CRITICAL|OVR_SEV|"Blade Server 3 is incompatible with I/O module configuration."
EN_BLADE_4_CFG_FAIL|0x0E006004|ALL|SAHPI_CRITICAL|OVR_SEV|"Blade Server 4 is incompatible with I/O module configuration."
EN_BLADE_5_CFG_FAIL|0x0E006005|ALL|SAHPI_CRITICAL|OVR_SEV|"Blade Server 5 is incompatible with I/O module configuration."
EN_BLADE_6_CFG_FAIL|0x0E006006|ALL|SAHPI_CRITICAL|OVR_SEV|"Blade Server 6 is incompatible with I/O module configuration."
EN_BLADE_7_CFG_FAIL|0x0E006007|ALL|SAHPI_CRITICAL|OVR_SEV|"Blade Server 7 is incompatible with I/O module configuration."
EN_BLADE_8_CFG_FAIL|0x0E006008|ALL|SAHPI_CRITICAL|OVR_SEV|"Blade Server 8 is incompatible with I/O module configuration."
EN_BLADE_9_CFG_FAIL|0x0E006009|ALL|SAHPI_CRITICAL|OVR_SEV|"Blade Server 9 is incompatible with I/O module configuration."
EN_BLADE_A_CFG_FAIL|0x0E00600A|ALL|SAHPI_CRITICAL|OVR_SEV|"Blade Server 10 is incompatible with I/O module configuration."
EN_BLADE_B_CFG_FAIL|0x0E00600B|ALL|SAHPI_CRITICAL|OVR_SEV|"Blade Server 11 is incompatible with I/O module configuration."
EN_BLADE_C_CFG_FAIL|0x0E00600C|ALL|SAHPI_CRITICAL|OVR_SEV|"Blade Server 12 is incompatible with I/O module configuration."
EN_BLADE_D_CFG_FAIL|0x0E00600D|ALL|SAHPI_CRITICAL|OVR_SEV|"Blade Server 13 is incompatible with I/O module configuration."
EN_BLADE_E_CFG_FAIL|0x0E00600E|ALL|SAHPI_CRITICAL|OVR_SEV|"Blade Server 14 is incompatible with I/O module configuration."

# Map to Off-line
EN_FAULT_SYS_POWER_GOOD|0x00028001|ALL|SAHPI_CRITICAL|OVR_SEV|"System Power Good Fault"
EN_FAULT_VRM_POWER_GOOD|0x04428000|ALL|SAHPI_CRITICAL|OVR_SEV|"VRM Power Good Fault"

# Map to degraded
EN_IO_BD_VOLTAGE_FAULT|0x06018000|ALL|SAHPI_MAJOR|OVR_SEV|"IO Board voltage fault."
EN_IO_BD_POWER_FAULT|0x0601A000|ALL|SAHPI_MAJOR|OVR_SEV|"IO Board power fault."
EN_CPU_BD_VOLTAGE_FAULT|0x04018000|ALL|SAHPI_MAJOR|OVR_SEV|"CPU Board voltage fault."
EN_NC_VOLT|0x0000006F|ALL|SAHPI_MAJOR|OVR_SEV|"System over/under recommended voltage"
EN_BOOT_FAIL|0x00000077|ALL|SAHPI_MAJOR|OVR_SEV|"System Boot Failed"
EN_CPU_BD_POWER_FAULT|0x0401A000|ALL|SAHPI_MAJOR|OVR_SEV|"CPU Board power fault."
EN_DASD|0x00000069|ALL|SAHPI_CRITICAL|OVR_SEV|"DASD backplane Failure"
EN_FAULT_POWER_GOOD|0x00028000|ALL|SAHPI_CRITICAL|OVR_SEV|"Power Good Fault"


########################
# Daughter Card Resource
########################
# None

#######################
# Daughter Card Sensors
#######################

# Blade Daughter Card (DASD 1) thermal sensor
EN_CUTOFF_HI_OVER_TEMP_DASD1|0x0681C481|ALL|SAHPI_CRITICAL|OVR_SEV,OVR_EXP|"System shutoff due to BSE Option temperature."
EN_PFA_HI_OVER_TEMP_DASD1|0x0681D481|ALL|SAHPI_MAJOR|OVR_SEV,OVR_EXP|"BSE Option over recommended temperature."

# Look like just IPMI card events
# Changed all warnings below to SAHPI_MAJOR
#EN_FAULT_DASD|0x06800000|ALL|SAHPI_CRITICAL|OVR_SEV,OVR_EXP|"BSE Option failure"
EN_BUST_1_8V_WARNING_HI|0x0E87A402|ALL|SAHPI_MAJOR|OVR_SEV,OVR_EXP|"BSE +1.8V over recommended voltage."
EN_BUST_1_8V_WARNING_LOW|0x0E87A802|ALL|SAHPI_MAJOR|OVR_SEV,OVR_EXP|"BSE +1.8V under recommended voltage."
EN_BUST_2_5V_WARNING_HI|0x0E830402|ALL|SAHPI_MAJOR|OVR_SEV,OVR_EXP|"BSE +2.5V over recommended voltage."
EN_BUST_2_5V_WARNING_LOW|0x0E830802|ALL|SAHPI_MAJOR|OVR_SEV,OVR_EXP|"BSE +2.5V under recommended voltage."
EN_BUST_3_3V_WARNING_HI|0x0E832402|ALL|SAHPI_MAJOR|OVR_SEV,OVR_EXP|"BSE +3.3V over recommended voltage."
EN_BUST_3_3V_WARNING_LOW|0x0E832802|ALL|SAHPI_MAJOR|OVR_SEV,OVR_EXP|"BSE +3.3V under recommended voltage."
EN_BUST_5V_WARNING_HI|0x0E834402|ALL|SAHPI_MAJOR|OVR_SEV,OVR_EXP|"BSE +5V over recommended voltage."
EN_BUST_5V_WARNING_LOW|0x0E834802|ALL|SAHPI_MAJOR|OVR_SEV,OVR_EXP|"BSE +5V under recommended voltage."
EN_BUST_12V_WARNING_HI|0x0E836402|ALL|SAHPI_MAJOR|OVR_SEV,OVR_EXP|"BSE +12V over recommended voltage."
EN_BUST_12V_WARNING_LOW|0x0E836802|ALL|SAHPI_MAJOR|OVR_SEV,OVR_EXP|"BSE +12V under recommended voltage."
EN_BUST_18V_WARNING_HI|0x0E83C402|ALL|SAHPI_MAJOR|OVR_SEV,OVR_EXP|"BSE +18V over recommended voltage."
EN_BUST_18V_WARNING_LOW|0x0E83C802|ALL|SAHPI_MAJOR|OVR_SEV,OVR_EXP|"BSE +18V under recommended voltage."

#####################
# Media Tray Resource
#####################

# No separate installed event  - recovery of this event is the install
EN_MEDIA_TRAY_REMOVED|0x06A1E001|ALL|SAHPI_INFORMATIONAL|OVR_SEV,OVR_RID|"The media tray was removed."

####################
# Media Tray Sensors
####################

# MM checking Media Tray VPD - Map to generic operational sensor (degraded)
EN_FAULT_FP_R|0x09020000|ALL|SAHPI_MINOR|OVR_SEV,OVR_RID|"System front panel controller not responding."

############################
# Management Module Resource
############################

EN_MM_1_INSTALLED|0x00282001|ALL|SAHPI_INFORMATIONAL|OVR_SEV,OVR_RID|"Management Module 1 was installed."
EN_MM_2_INSTALLED|0x00282002|ALL|SAHPI_INFORMATIONAL|OVR_SEV,OVR_RID|"Management Module 2 was installed."

EN_MM_1_REMOVED|0x00284001|ALL|SAHPI_INFORMATIONAL|OVR_SEV,OVR_RID|"Management Module 1 was removed."
EN_MM_2_REMOVED|0x00284002|ALL|SAHPI_INFORMATIONAL|OVR_SEV,OVR_RID|"Management Module 2 was removed."

###########################
# Management Module Sensors
###########################
# None

#################
# Switch Resource
#################

# NOTE: bc_strmap reports installed and removed as having the "Multiple I/O module failures" but the BC code
# doesn't generate the multiple string extention for removed/installed events. Removed manually from this file
EN_SWITCH_1_INSTALLED|0x0EA02001|ALL|SAHPI_INFORMATIONAL|OVR_SEV|"I/O module 1 was installed."
EN_SWITCH_2_INSTALLED|0x0EA02002|ALL|SAHPI_INFORMATIONAL|OVR_SEV|"I/O module 2 was installed."
EN_SWITCH_3_INSTALLED|0x0EA02003|ALL|SAHPI_INFORMATIONAL|OVR_SEV|"I/O module 3 was installed."
EN_SWITCH_4_INSTALLED|0x0EA02004|ALL|SAHPI_INFORMATIONAL|OVR_SEV|"I/O module 4 was installed."

EN_SWITCH_1_REMOVED|0x0EA04001|ALL|SAHPI_INFORMATIONAL|OVR_SEV|"I/O module 1 was removed."
EN_SWITCH_2_REMOVED|0x0EA04002|ALL|SAHPI_INFORMATIONAL|OVR_SEV|"I/O module 2 was removed."
EN_SWITCH_3_REMOVED|0x0EA04003|ALL|SAHPI_INFORMATIONAL|OVR_SEV|"I/O module 3 was removed."
EN_SWITCH_4_REMOVED|0x0EA04004|ALL|SAHPI_INFORMATIONAL|OVR_SEV|"I/O module 4 was removed."

EN_SWITCH_1_POWERED_OFF|0x0EA06001|ALL|SAHPI_INFORMATIONAL|OVR_SEV|"I/O module 1 was instructed to power off."
EN_SWITCH_2_POWERED_OFF|0x0EA06002|ALL|SAHPI_INFORMATIONAL|OVR_SEV|"I/O module 2 was instructed to power off."
EN_SWITCH_3_POWERED_OFF|0x0EA06003|ALL|SAHPI_INFORMATIONAL|OVR_SEV|"I/O module 3 was instructed to power off."
EN_SWITCH_4_POWERED_OFF|0x0EA06004|ALL|SAHPI_INFORMATIONAL|OVR_SEV|"I/O module 4 was instructed to power off."

EN_SWITCH_1_POWERED_ON|0x0EA08001|ALL|SAHPI_INFORMATIONAL|OVR_SEV|"I/O module 1 was instructed to power on."
EN_SWITCH_2_POWERED_ON|0x0EA08002|ALL|SAHPI_INFORMATIONAL|OVR_SEV|"I/O module 2 was instructed to power on."
EN_SWITCH_3_POWERED_ON|0x0EA08003|ALL|SAHPI_INFORMATIONAL|OVR_SEV|"I/O module 3 was instructed to power on."
EN_SWITCH_4_POWERED_ON|0x0EA08004|ALL|SAHPI_INFORMATIONAL|OVR_SEV|"I/O module 4 was instructed to power on."

EN_FAULT_SWITCH_1|0x0EA00001|ALL|SAHPI_CRITICAL|OVR_SEV|"I/O module 1 Fault"
EN_FAULT_SWITCH_1|0x0EA00001|ALL|SAHPI_CRITICAL|OVR_SEV|"I/O module 1 Fault Multiple I/O module failures"
EN_FAULT_SWITCH_2|0x0EA00002|ALL|SAHPI_CRITICAL|OVR_SEV|"I/O module 2 Fault"
EN_FAULT_SWITCH_2|0x0EA00002|ALL|SAHPI_CRITICAL|OVR_SEV|"I/O module 2 Fault Multiple I/O module failures"
EN_FAULT_SWITCH_3|0x0EA00003|ALL|SAHPI_CRITICAL|OVR_SEV|"I/O module 3 Fault"
EN_FAULT_SWITCH_3|0x0EA00003|ALL|SAHPI_CRITICAL|OVR_SEV|"I/O module 3 Fault Multiple I/O module failures"
EN_FAULT_SWITCH_4|0x0EA00004|ALL|SAHPI_CRITICAL|OVR_SEV|"I/O module 4 Fault"
EN_FAULT_SWITCH_4|0x0EA00004|ALL|SAHPI_CRITICAL|OVR_SEV|"I/O module 4 Fault Multiple I/O module failures"

################
# Switch Sensors
################

# Switch temperature sensor - not accessable through MIB; event-only sensor
EN_OVER_TEMP_SWITCH_1|0x0EA1C401|ALL|SAHPI_CRITICAL|OVR_SEV|"I/O module 1 Temperature Fault"
EN_OVER_TEMP_SWITCH_1|0x0EA1C401|ALL|SAHPI_CRITICAL|OVR_SEV|"I/O module 1 Temperature Fault Multiple I/O module failures"
EN_OVER_TEMP_SWITCH_2|0x0EA1C402|ALL|SAHPI_CRITICAL|OVR_SEV|"I/O module 2 Temperature Fault"
EN_OVER_TEMP_SWITCH_2|0x0EA1C402|ALL|SAHPI_CRITICAL|OVR_SEV|"I/O module 2 Temperature Fault Multiple I/O module failures"
EN_OVER_TEMP_SWITCH_3|0x0EA1C403|ALL|SAHPI_CRITICAL|OVR_SEV|"I/O module 3 Temperature Fault"
EN_OVER_TEMP_SWITCH_3|0x0EA1C403|ALL|SAHPI_CRITICAL|OVR_SEV|"I/O module 3 Temperature Fault Multiple I/O module failures"
EN_OVER_TEMP_SWITCH_4|0x0EA1C404|ALL|SAHPI_CRITICAL|OVR_SEV|"I/O module 4 Temperature Fault"
EN_OVER_TEMP_SWITCH_4|0x0EA1C404|ALL|SAHPI_CRITICAL|OVR_SEV|"I/O module 4 Temperature Fault Multiple I/O module failures"

EN_OVER_TEMP_WARN_SWITCH_1|0x0EA1D401|ALL|SAHPI_MAJOR|OVR_SEV|"I/O module 1 Temperature Warning"
EN_OVER_TEMP_WARN_SWITCH_1|0x0EA1D401|ALL|SAHPI_MAJOR|OVR_SEV|"I/O module 1 Temperature Warning Multiple I/O module failures"
EN_OVER_TEMP_WARN_SWITCH_2|0x0EA1D402|ALL|SAHPI_MAJOR|OVR_SEV|"I/O module 2 Temperature Warning"
EN_OVER_TEMP_WARN_SWITCH_2|0x0EA1D402|ALL|SAHPI_MAJOR|OVR_SEV|"I/O module 2 Temperature Warning Multiple I/O module failures"
EN_OVER_TEMP_WARN_SWITCH_3|0x0EA1D403|ALL|SAHPI_MAJOR|OVR_SEV|"I/O module 3 Temperature Warning"
EN_OVER_TEMP_WARN_SWITCH_3|0x0EA1D403|ALL|SAHPI_MAJOR|OVR_SEV|"I/O module 3 Temperature Warning Multiple I/O module failures"
EN_OVER_TEMP_WARN_SWITCH_4|0x0EA1D404|ALL|SAHPI_MAJOR|OVR_SEV|"I/O module 4 Temperature Warning"
EN_OVER_TEMP_WARN_SWITCH_4|0x0EA1D404|ALL|SAHPI_MAJOR|OVR_SEV|"I/O module 4 Temperature Warning Multiple I/O module failures"

# Map to generic operational sensor; event-only sensor
EN_SWITCH_1_CFG_ERROR|0x0EA0C001|ALL|SAHPI_CRITICAL|OVR_SEV|"I/O module 1 is incompatible with Blade Server configuration."
EN_SWITCH_1_CFG_ERROR|0x0EA0C001|ALL|SAHPI_CRITICAL|OVR_SEV|"I/O module 1 is incompatible with Blade Server configuration. Multiple I/O module failures"
EN_SWITCH_2_CFG_ERROR|0x0EA0C002|ALL|SAHPI_CRITICAL|OVR_SEV|"I/O module 2 is incompatible with Blade Server configuration."
EN_SWITCH_2_CFG_ERROR|0x0EA0C002|ALL|SAHPI_CRITICAL|OVR_SEV|"I/O module 2 is incompatible with Blade Server configuration. Multiple I/O module failures"
EN_SWITCH_3_CFG_ERROR|0x0EA0C003|ALL|SAHPI_CRITICAL|OVR_SEV|"I/O module 3 is incompatible with Blade Server configuration."
EN_SWITCH_3_CFG_ERROR|0x0EA0C003|ALL|SAHPI_CRITICAL|OVR_SEV|"I/O module 3 is incompatible with Blade Server configuration. Multiple I/O module failures"
EN_SWITCH_4_CFG_ERROR|0x0EA0C004|ALL|SAHPI_CRITICAL|OVR_SEV|"I/O module 4 is incompatible with Blade Server configuration."
EN_SWITCH_4_CFG_ERROR|0x0EA0C004|ALL|SAHPI_CRITICAL|OVR_SEV|"I/O module 4 is incompatible with Blade Server configuration. Multiple I/O module failures"

EN_SWITCH_1_POST_ERROR|0x0EA0E001|ALL|SAHPI_MAJOR|OVR_SEV|"I/O module 1 POST Error."
EN_SWITCH_1_POST_ERROR|0x0EA0E001|ALL|SAHPI_MAJOR|OVR_SEV|"I/O module 1 POST Error. Multiple I/O module failures"
EN_SWITCH_2_POST_ERROR|0x0EA0E002|ALL|SAHPI_MAJOR|OVR_SEV|"I/O module 2 POST Error."
EN_SWITCH_2_POST_ERROR|0x0EA0E002|ALL|SAHPI_MAJOR|OVR_SEV|"I/O module 2 POST Error. Multiple I/O module failures"
EN_SWITCH_3_POST_ERROR|0x0EA0E003|ALL|SAHPI_MAJOR|OVR_SEV|"I/O module 3 POST Error."
EN_SWITCH_3_POST_ERROR|0x0EA0E003|ALL|SAHPI_MAJOR|OVR_SEV|"I/O module 3 POST Error. Multiple I/O module failures"
EN_SWITCH_4_POST_ERROR|0x0EA0E004|ALL|SAHPI_MAJOR|OVR_SEV|"I/O module 4 POST Error."
EN_SWITCH_4_POST_ERROR|0x0EA0E004|ALL|SAHPI_MAJOR|OVR_SEV|"I/O module 4 POST Error. Multiple I/O module failures"

EN_SWITCH_1_POST_TIMEOUT|0x0EA0D001|ALL|SAHPI_MAJOR|OVR_SEV|"I/O module 1 POST Timeout."
EN_SWITCH_1_POST_TIMEOUT|0x0EA0D001|ALL|SAHPI_MAJOR|OVR_SEV|"I/O module 1 POST Timeout. Multiple I/O module failures"
EN_SWITCH_2_POST_TIMEOUT|0x0EA0D002|ALL|SAHPI_MAJOR|OVR_SEV|"I/O module 2 POST Timeout."
EN_SWITCH_2_POST_TIMEOUT|0x0EA0D002|ALL|SAHPI_MAJOR|OVR_SEV|"I/O module 2 POST Timeout. Multiple I/O module failures"
EN_SWITCH_3_POST_TIMEOUT|0x0EA0D003|ALL|SAHPI_MAJOR|OVR_SEV|"I/O module 3 POST Timeout."
EN_SWITCH_3_POST_TIMEOUT|0x0EA0D003|ALL|SAHPI_MAJOR|OVR_SEV|"I/O module 3 POST Timeout. Multiple I/O module failures"
EN_SWITCH_4_POST_TIMEOUT|0x0EA0D004|ALL|SAHPI_MAJOR|OVR_SEV|"I/O module 4 POST Timeout."
EN_SWITCH_4_POST_TIMEOUT|0x0EA0D004|ALL|SAHPI_MAJOR|OVR_SEV|"I/O module 4 POST Timeout. Multiple I/O module failures"

# Didn't map to event-only current sensor since there is no threshold concept
EN_OVER_CURRENT_SWITCH_1|0x0EA1A401|ALL|SAHPI_CRITICAL|OVR_SEV|"I/O module 1 Current Fault"
EN_OVER_CURRENT_SWITCH_1|0x0EA1A401|ALL|SAHPI_CRITICAL|OVR_SEV|"I/O module 1 Current Fault Multiple I/O module failures"
EN_OVER_CURRENT_SWITCH_2|0x0EA1A402|ALL|SAHPI_CRITICAL|OVR_SEV|"I/O module 2 Current Fault"
EN_OVER_CURRENT_SWITCH_2|0x0EA1A402|ALL|SAHPI_CRITICAL|OVR_SEV|"I/O module 2 Current Fault Multiple I/O module failures"
EN_OVER_CURRENT_SWITCH_3|0x0EA1A403|ALL|SAHPI_CRITICAL|OVR_SEV|"I/O module 3 Current Fault"
EN_OVER_CURRENT_SWITCH_3|0x0EA1A403|ALL|SAHPI_CRITICAL|OVR_SEV|"I/O module 3 Current Fault Multiple I/O module failures"
EN_OVER_CURRENT_SWITCH_4|0x0EA1A404|ALL|SAHPI_CRITICAL|OVR_SEV|"I/O module 4 Current Fault"
EN_OVER_CURRENT_SWITCH_4|0x0EA1A404|ALL|SAHPI_CRITICAL|OVR_SEV|"I/O module 4 Current Fault Multiple I/O module failures"

##############
# Fan Resource
##############
# None

#############
# Fan Sensors
#############

# Blower fan speed
EN_FAN1_PFA|0x000A6001|ALL|SAHPI_MAJOR|OVR_SEV,OVR_RID|"Blower 1 Outside Recommended Speed."
EN_FAN2_PFA|0x000A6002|ALL|SAHPI_MAJOR|OVR_SEV,OVR_RID|"Blower 2 Outside Recommended Speed."
EN_FAN3_PFA|0x000A6003|ALL|SAHPI_MAJOR|OVR_SEV,OVR_RID|"Blower 3 Outside Recommended Speed."
EN_FAN4_PFA|0x000A6004|ALL|SAHPI_MAJOR|OVR_SEV,OVR_RID|"Blower 4 Outside Recommended Speed."

# Map to generic blower operational sensor
EN_FAN1_SPEED|0x00026801|ALL|SAHPI_CRITICAL|OVR_SEV,OVR_RID|"Blower 1 Failure Multiple blower failures"
EN_FAN1_SPEED|0x00026801|ALL|SAHPI_CRITICAL|OVR_SEV,OVR_RID|"Blower 1 Failure Single blower failure"
EN_FAN2_SPEED|0x00026802|ALL|SAHPI_CRITICAL|OVR_SEV,OVR_RID|"Blower 2 Failure Multiple blower failures"
EN_FAN2_SPEED|0x00026802|ALL|SAHPI_CRITICAL|OVR_SEV,OVR_RID|"Blower 2 Failure Single blower failure"
EN_FAN3_SPEED|0x00026803|ALL|SAHPI_CRITICAL|OVR_SEV,OVR_RID|"Blower 3 Failure Multiple blower failures"
EN_FAN3_SPEED|0x00026803|ALL|SAHPI_CRITICAL|OVR_SEV,OVR_RID|"Blower 3 Failure Single blower failure"
EN_FAN4_SPEED|0x00026804|ALL|SAHPI_CRITICAL|OVR_SEV,OVR_RID|"Blower 4 Failure Multiple blower failures"
EN_FAN4_SPEED|0x00026804|ALL|SAHPI_CRITICAL|OVR_SEV,OVR_RID|"Blower 4 Failure Single blower failure"

EN_FAULT_FAN1|0x0A026001|ALL|SAHPI_CRITICAL|OVR_SEV,OVR_RID|"Blower 1 Fault Multiple blower failures"
EN_FAULT_FAN1|0x0A026001|ALL|SAHPI_CRITICAL|OVR_SEV,OVR_RID|"Blower 1 Fault Single blower failure"
EN_FAULT_FAN2|0x0A026002|ALL|SAHPI_CRITICAL|OVR_SEV,OVR_RID|"Blower 2 Fault Multiple blower failures"
EN_FAULT_FAN2|0x0A026002|ALL|SAHPI_CRITICAL|OVR_SEV,OVR_RID|"Blower 2 Fault Single blower failure"
EN_FAULT_FAN3|0x0A026003|ALL|SAHPI_CRITICAL|OVR_SEV,OVR_RID|"Blower 3 Fault Multiple blower failures"
EN_FAULT_FAN3|0x0A026003|ALL|SAHPI_CRITICAL|OVR_SEV,OVR_RID|"Blower 3 Fault Single blower failure"
EN_FAULT_FAN4|0x0A026004|ALL|SAHPI_CRITICAL|OVR_SEV,OVR_RID|"Blower 4 Fault Multiple blower failures"
EN_FAULT_FAN4|0x0A026004|ALL|SAHPI_CRITICAL|OVR_SEV,OVR_RID|"Blower 4 Fault Single blower failure"

################
# Power Resource
################

EN_PS1_INSTALLED|0x08216001|ALL|SAHPI_INFORMATIONAL|OVR_SEV,OVR_RID|"Power Supply 1 was installed."
EN_PS2_INSTALLED|0x08216002|ALL|SAHPI_INFORMATIONAL|OVR_SEV,OVR_RID|"Power Supply 2 was installed."
EN_PS3_INSTALLED|0x08216003|ALL|SAHPI_INFORMATIONAL|OVR_SEV,OVR_RID|"Power Supply 3 was installed."
EN_PS4_INSTALLED|0x08216004|ALL|SAHPI_INFORMATIONAL|OVR_SEV,OVR_RID|"Power Supply 4 was installed."

EN_FAULT_PS1_REMOVED|0x0821E001|ALL|SAHPI_CRITICAL|OVR_SEV,OVR_RID|"Power Supply 1 Removed."
EN_FAULT_PS2_REMOVED|0x0821E002|ALL|SAHPI_CRITICAL|OVR_SEV,OVR_RID|"Power Supply 2 Removed."
EN_FAULT_PS3_REMOVED|0x0821E003|ALL|SAHPI_CRITICAL|OVR_SEV,OVR_RID|"Power Supply 3 Removed."
EN_FAULT_PS4_REMOVED|0x0821E004|ALL|SAHPI_CRITICAL|OVR_SEV,OVR_RID|"Power Supply 4 Removed."

###############
# Power Sensors
###############

# Power temperature sensor - not accessable through MIB; event-only sensor
EN_FAULT_PS1_OVR_TEMP|0x0821C081|ALL|SAHPI_CRITICAL|OVR_SEV,OVR_RID|"Power Supply 1 Temperature Fault"
EN_FAULT_PS2_OVR_TEMP|0x0821C082|ALL|SAHPI_CRITICAL|OVR_SEV,OVR_RID|"Power Supply 2 Temperature Fault"
EN_FAULT_PS3_OVR_TEMP|0x0821C083|ALL|SAHPI_CRITICAL|OVR_SEV,OVR_RID|"Power Supply 3 Temperature Fault"
EN_FAULT_PS4_OVR_TEMP|0x0821C084|ALL|SAHPI_CRITICAL|OVR_SEV,OVR_RID|"Power Supply 4 Temperature Fault"

# NOTE: BCT algorithm has these warnings as critical; Warnings usually are major severity; Force to major
EN_FAULT_PS1_TEMP_WARN|0x0821C001|ALL|SAHPI_MAJOR|OVR_SEV,OVR_RID|"Power Supply 1 Temperature Warning"
EN_FAULT_PS2_TEMP_WARN|0x0821C002|ALL|SAHPI_MAJOR|OVR_SEV,OVR_RID|"Power Supply 2 Temperature Warning"
EN_FAULT_PS3_TEMP_WARN|0x0821C003|ALL|SAHPI_MAJOR|OVR_SEV,OVR_RID|"Power Supply 3 Temperature Warning"
EN_FAULT_PS4_TEMP_WARN|0x0821C004|ALL|SAHPI_MAJOR|OVR_SEV,OVR_RID|"Power Supply 4 Temperature Warning"

# Map to generic power operational sensor
EN_FAULT_PS1|0x08200001|ALL|SAHPI_CRITICAL|OVR_SEV,OVR_RID|"Power Supply 1 Fault"
EN_FAULT_PS2|0x08200002|ALL|SAHPI_CRITICAL|OVR_SEV,OVR_RID|"Power Supply 2 Fault"
EN_FAULT_PS3|0x08200003|ALL|SAHPI_CRITICAL|OVR_SEV,OVR_RID|"Power Supply 3 Fault"
EN_FAULT_PS4|0x08200004|ALL|SAHPI_CRITICAL|OVR_SEV,OVR_RID|"Power Supply 4 Fault"

EN_FAULT_PS1_12V_OVR_CUR|0x08236001|ALL|SAHPI_CRITICAL|OVR_SEV,OVR_RID|"Power Supply 1 12V Over Current Fault"
EN_FAULT_PS2_12V_OVR_CUR|0x08236002|ALL|SAHPI_CRITICAL|OVR_SEV,OVR_RID|"Power Supply 2 12V Over Current Fault"
EN_FAULT_PS3_12V_OVR_CUR|0x08236003|ALL|SAHPI_CRITICAL|OVR_SEV,OVR_RID|"Power Supply 3 12V Over Current Fault"
EN_FAULT_PS4_12V_OVR_CUR|0x08236004|ALL|SAHPI_CRITICAL|OVR_SEV,OVR_RID|"Power Supply 4 12V Over Current Fault"

EN_FAULT_PS1_CUR_FAIL|0x0821A001|ALL|SAHPI_CRITICAL|OVR_SEV,OVR_RID|"Power Supply 1 Current Fault"
EN_FAULT_PS2_CUR_FAIL|0x0821A002|ALL|SAHPI_CRITICAL|OVR_SEV,OVR_RID|"Power Supply 2 Current Fault"
EN_FAULT_PS3_CUR_FAIL|0x0821A003|ALL|SAHPI_CRITICAL|OVR_SEV,OVR_RID|"Power Supply 3 Current Fault"
EN_FAULT_PS4_CUR_FAIL|0x0821A004|ALL|SAHPI_CRITICAL|OVR_SEV,OVR_RID|"Power Supply 4 Current Fault"

EN_FAULT_PS1_DC_GOOD|0x08028001|ALL|SAHPI_CRITICAL|OVR_SEV,OVR_RID|"Power Supply 1 DC Good Fault"
EN_FAULT_PS2_DC_GOOD|0x08028002|ALL|SAHPI_CRITICAL|OVR_SEV,OVR_RID|"Power Supply 2 DC Good Fault"
EN_FAULT_PS3_DC_GOOD|0x08028003|ALL|SAHPI_CRITICAL|OVR_SEV,OVR_RID|"Power Supply 3 DC Good Fault"
EN_FAULT_PS4_DC_GOOD|0x08028004|ALL|SAHPI_CRITICAL|OVR_SEV,OVR_RID|"Power Supply 4 DC Good Fault"

EN_FAULT_PS1_12V_OVER|0x08236481|ALL|SAHPI_CRITICAL|OVR_SEV,OVR_RID|"Power Supply 1 12V Over Voltage Fault"
EN_FAULT_PS2_12V_OVER|0x08236482|ALL|SAHPI_CRITICAL|OVR_SEV,OVR_RID|"Power Supply 2 12V Over Voltage Fault"
EN_FAULT_PS3_12V_OVER|0x08236483|ALL|SAHPI_CRITICAL|OVR_SEV,OVR_RID|"Power Supply 3 12V Over Voltage Fault"
EN_FAULT_PS4_12V_OVER|0x08236484|ALL|SAHPI_CRITICAL|OVR_SEV,OVR_RID|"Power Supply 4 12V Over Voltage Fault"

EN_FAULT_PS1_12V_UNDER|0x08236801|ALL|SAHPI_CRITICAL|OVR_SEV,OVR_RID|"Power Supply 1 12V Under Voltage Fault"
EN_FAULT_PS2_12V_UNDER|0x08236802|ALL|SAHPI_CRITICAL|OVR_SEV,OVR_RID|"Power Supply 2 12V Under Voltage Fault"
EN_FAULT_PS3_12V_UNDER|0x08236803|ALL|SAHPI_CRITICAL|OVR_SEV,OVR_RID|"Power Supply 3 12V Under Voltage Fault"
EN_FAULT_PS4_12V_UNDER|0x08236804|ALL|SAHPI_CRITICAL|OVR_SEV,OVR_RID|"Power Supply 4 12V Under Voltage Fault"

EN_FAULT_PS1_EPOW|0x08180001|ALL|SAHPI_CRITICAL|OVR_SEV,OVR_RID|"Input Voltage Removed from Power Supply 1"
EN_FAULT_PS2_EPOW|0x08180002|ALL|SAHPI_CRITICAL|OVR_SEV,OVR_RID|"Input Voltage Removed from Power Supply 2"
EN_FAULT_PS3_EPOW|0x08180003|ALL|SAHPI_CRITICAL|OVR_SEV,OVR_RID|"Input Voltage Removed from Power Supply 3"
EN_FAULT_PS4_EPOW|0x08180004|ALL|SAHPI_CRITICAL|OVR_SEV,OVR_RID|"Input Voltage Removed from Power Supply 4"
